[dotenv@17.3.1] injecting env (17) from .env -- tip: ΓÜí∩╕Å secrets for agents: https://dotenvx.com/as2
Testing Supabase connection...
Supabase OK, first ID: auditory_hallucinations_audio_v1
Testing File Walk...
Vault Dir: C:\Users\USER\OneDrive\Desktop\Senior NCLEX\data\ai-generated\vault
